// Vitest Snapshot v1, https://vitest.dev/guide/snapshot.html

exports[`about-ora template > snapshot stability > materialised template (with ids stripped) matches snapshot 1`] = `
{
  "content": [
    {
      "props": {
        "_animation": {
          "delay": "0",
          "duration": "0.5",
          "entrance": "none",
          "hover": "none",
        },
        "_archetype": "hero",
        "_border": {
          "desktop": {
            "borderColor": "#E8E4DF",
            "borderRadius": "0",
            "borderWidth": "0",
          },
          "mobile": {
            "borderColor": "#E8E4DF",
            "borderRadius": "0",
            "borderWidth": "0",
          },
        },
        "_margin": {
          "desktop": {
            "marginBottom": "0",
            "marginTop": "0",
          },
          "mobile": {
            "marginBottom": "0",
            "marginTop": "0",
          },
        },
        "_padding": {
          "desktop": {
            "paddingBottom": "96",
            "paddingLeft": "64",
            "paddingRight": "64",
            "paddingTop": "96",
          },
          "mobile": {
            "paddingBottom": "64",
            "paddingLeft": "16",
            "paddingRight": "16",
            "paddingTop": "64",
          },
        },
        "bgColor": "transparent",
        "bgImage": "",
        "bgMediaType": "none",
        "bgMode": "gradient",
        "bgOpacity": "1",
        "bgPosition": "center center",
        "bgVideoAutoplay": "yes",
        "bgVideoControls": "no",
        "bgVideoFit": "cover",
        "bgVideoLoop": "yes",
        "bgVideoPosition": "center center",
        "bgVideoPoster": "",
        "bgVideoSound": "off",
        "bgVideoUrl": "",
        "contentAlign": "center",
        "gradientDirection": "to bottom",
        "gradientFrom": "#F8F6F2",
        "gradientTo": "#F2EDE3",
        "id": "<uuid>",
        "maxHeight": "auto",
        "minHeight": "auto",
        "section-content": [],
        "sectionId": "hero",
        "textColor": "auto",
      },
      "type": "Section",
    },
    {
      "props": {
        "_animation": {
          "delay": "0",
          "duration": "0.5",
          "entrance": "none",
          "hover": "none",
        },
        "_archetype": "text+image",
        "_border": {
          "desktop": {
            "borderColor": "#E8E4DF",
            "borderRadius": "0",
            "borderWidth": "0",
          },
          "mobile": {
            "borderColor": "#E8E4DF",
            "borderRadius": "0",
            "borderWidth": "0",
          },
        },
        "_margin": {
          "desktop": {
            "marginBottom": "0",
            "marginTop": "0",
          },
          "mobile": {
            "marginBottom": "0",
            "marginTop": "0",
          },
        },
        "_padding": {
          "desktop": {
            "paddingBottom": "96",
            "paddingLeft": "64",
            "paddingRight": "64",
            "paddingTop": "96",
          },
          "mobile": {
            "paddingBottom": "64",
            "paddingLeft": "16",
            "paddingRight": "16",
            "paddingTop": "64",
          },
        },
        "bgColor": "transparent",
        "bgImage": "",
        "bgMediaType": "none",
        "bgMode": "gradient",
        "bgOpacity": "1",
        "bgPosition": "center center",
        "bgVideoAutoplay": "yes",
        "bgVideoControls": "no",
        "bgVideoFit": "cover",
        "bgVideoLoop": "yes",
        "bgVideoPosition": "center center",
        "bgVideoPoster": "",
        "bgVideoSound": "off",
        "bgVideoUrl": "",
        "contentAlign": "flex-start",
        "gradientDirection": "to bottom",
        "gradientFrom": "#F8F6F2",
        "gradientTo": "#F2EDE3",
        "id": "<uuid>",
        "maxHeight": "auto",
        "minHeight": "auto",
        "section-content": [],
        "sectionId": "our-story",
        "textColor": "auto",
      },
      "type": "Section",
    },
    {
      "props": {
        "_animation": {
          "delay": "0",
          "duration": "0.5",
          "entrance": "none",
          "hover": "none",
        },
        "_archetype": "image+text",
        "_border": {
          "desktop": {
            "borderColor": "#E8E4DF",
            "borderRadius": "0",
            "borderWidth": "0",
          },
          "mobile": {
            "borderColor": "#E8E4DF",
            "borderRadius": "0",
            "borderWidth": "0",
          },
        },
        "_margin": {
          "desktop": {
            "marginBottom": "0",
            "marginTop": "0",
          },
          "mobile": {
            "marginBottom": "0",
            "marginTop": "0",
          },
        },
        "_padding": {
          "desktop": {
            "paddingBottom": "96",
            "paddingLeft": "64",
            "paddingRight": "64",
            "paddingTop": "96",
          },
          "mobile": {
            "paddingBottom": "64",
            "paddingLeft": "16",
            "paddingRight": "16",
            "paddingTop": "64",
          },
        },
        "bgColor": "transparent",
        "bgImage": "",
        "bgMediaType": "none",
        "bgMode": "gradient",
        "bgOpacity": "1",
        "bgPosition": "center center",
        "bgVideoAutoplay": "yes",
        "bgVideoControls": "no",
        "bgVideoFit": "cover",
        "bgVideoLoop": "yes",
        "bgVideoPosition": "center center",
        "bgVideoPoster": "",
        "bgVideoSound": "off",
        "bgVideoUrl": "",
        "contentAlign": "flex-start",
        "gradientDirection": "to bottom",
        "gradientFrom": "#F9F7F5",
        "gradientTo": "#EBE7E2",
        "id": "<uuid>",
        "maxHeight": "auto",
        "minHeight": "auto",
        "section-content": [],
        "sectionId": "our-vision",
        "textColor": "auto",
      },
      "type": "Section",
    },
    {
      "props": {
        "_animation": {
          "delay": "0",
          "duration": "0.5",
          "entrance": "none",
          "hover": "none",
        },
        "_archetype": "heading+full-width-image",
        "_border": {
          "desktop": {
            "borderColor": "#E8E4DF",
            "borderRadius": "0",
            "borderWidth": "0",
          },
          "mobile": {
            "borderColor": "#E8E4DF",
            "borderRadius": "0",
            "borderWidth": "0",
          },
        },
        "_margin": {
          "desktop": {
            "marginBottom": "0",
            "marginTop": "0",
          },
          "mobile": {
            "marginBottom": "0",
            "marginTop": "0",
          },
        },
        "_padding": {
          "desktop": {
            "paddingBottom": "96",
            "paddingLeft": "64",
            "paddingRight": "64",
            "paddingTop": "96",
          },
          "mobile": {
            "paddingBottom": "64",
            "paddingLeft": "16",
            "paddingRight": "16",
            "paddingTop": "64",
          },
        },
        "bgColor": "transparent",
        "bgImage": "",
        "bgMediaType": "none",
        "bgMode": "gradient",
        "bgOpacity": "1",
        "bgPosition": "center center",
        "bgVideoAutoplay": "yes",
        "bgVideoControls": "no",
        "bgVideoFit": "cover",
        "bgVideoLoop": "yes",
        "bgVideoPosition": "center center",
        "bgVideoPoster": "",
        "bgVideoSound": "off",
        "bgVideoUrl": "",
        "contentAlign": "flex-start",
        "gradientDirection": "to bottom",
        "gradientFrom": "#F8F6F2",
        "gradientTo": "#F2EDE3",
        "id": "<uuid>",
        "maxHeight": "auto",
        "minHeight": "auto",
        "section-content": [],
        "sectionId": "where-we-build",
        "textColor": "auto",
      },
      "type": "Section",
    },
    {
      "props": {
        "_animation": {
          "delay": "0",
          "duration": "0.5",
          "entrance": "none",
          "hover": "none",
        },
        "_archetype": "heading+accordions",
        "_border": {
          "desktop": {
            "borderColor": "#E8E4DF",
            "borderRadius": "0",
            "borderWidth": "0",
          },
          "mobile": {
            "borderColor": "#E8E4DF",
            "borderRadius": "0",
            "borderWidth": "0",
          },
        },
        "_margin": {
          "desktop": {
            "marginBottom": "0",
            "marginTop": "0",
          },
          "mobile": {
            "marginBottom": "0",
            "marginTop": "0",
          },
        },
        "_padding": {
          "desktop": {
            "paddingBottom": "96",
            "paddingLeft": "64",
            "paddingRight": "64",
            "paddingTop": "96",
          },
          "mobile": {
            "paddingBottom": "64",
            "paddingLeft": "16",
            "paddingRight": "16",
            "paddingTop": "64",
          },
        },
        "bgColor": "transparent",
        "bgImage": "",
        "bgMediaType": "none",
        "bgMode": "gradient",
        "bgOpacity": "1",
        "bgPosition": "center center",
        "bgVideoAutoplay": "yes",
        "bgVideoControls": "no",
        "bgVideoFit": "cover",
        "bgVideoLoop": "yes",
        "bgVideoPosition": "center center",
        "bgVideoPoster": "",
        "bgVideoSound": "off",
        "bgVideoUrl": "",
        "contentAlign": "flex-start",
        "gradientDirection": "to bottom",
        "gradientFrom": "#F9F7F5",
        "gradientTo": "#EBE7E2",
        "id": "<uuid>",
        "maxHeight": "auto",
        "minHeight": "auto",
        "section-content": [],
        "sectionId": "faq",
        "textColor": "auto",
      },
      "type": "Section",
    },
    {
      "props": {
        "_animation": {
          "delay": "0",
          "duration": "0.5",
          "entrance": "none",
          "hover": "none",
        },
        "_archetype": "image+text",
        "_border": {
          "desktop": {
            "borderColor": "#E8E4DF",
            "borderRadius": "0",
            "borderWidth": "0",
          },
          "mobile": {
            "borderColor": "#E8E4DF",
            "borderRadius": "0",
            "borderWidth": "0",
          },
        },
        "_margin": {
          "desktop": {
            "marginBottom": "0",
            "marginTop": "0",
          },
          "mobile": {
            "marginBottom": "0",
            "marginTop": "0",
          },
        },
        "_padding": {
          "desktop": {
            "paddingBottom": "96",
            "paddingLeft": "64",
            "paddingRight": "64",
            "paddingTop": "96",
          },
          "mobile": {
            "paddingBottom": "64",
            "paddingLeft": "16",
            "paddingRight": "16",
            "paddingTop": "64",
          },
        },
        "bgColor": "transparent",
        "bgImage": "",
        "bgMediaType": "none",
        "bgMode": "gradient",
        "bgOpacity": "1",
        "bgPosition": "center center",
        "bgVideoAutoplay": "yes",
        "bgVideoControls": "no",
        "bgVideoFit": "cover",
        "bgVideoLoop": "yes",
        "bgVideoPosition": "center center",
        "bgVideoPoster": "",
        "bgVideoSound": "off",
        "bgVideoUrl": "",
        "contentAlign": "flex-start",
        "gradientDirection": "to bottom",
        "gradientFrom": "#F8F6F2",
        "gradientTo": "#F2EDE3",
        "id": "<uuid>",
        "maxHeight": "auto",
        "minHeight": "auto",
        "section-content": [],
        "sectionId": "leadership",
        "textColor": "auto",
      },
      "type": "Section",
    },
    {
      "props": {
        "_animation": {
          "delay": "0",
          "duration": "0.5",
          "entrance": "none",
          "hover": "none",
        },
        "_archetype": "text+image",
        "_border": {
          "desktop": {
            "borderColor": "#E8E4DF",
            "borderRadius": "0",
            "borderWidth": "0",
          },
          "mobile": {
            "borderColor": "#E8E4DF",
            "borderRadius": "0",
            "borderWidth": "0",
          },
        },
        "_margin": {
          "desktop": {
            "marginBottom": "0",
            "marginTop": "0",
          },
          "mobile": {
            "marginBottom": "0",
            "marginTop": "0",
          },
        },
        "_padding": {
          "desktop": {
            "paddingBottom": "96",
            "paddingLeft": "64",
            "paddingRight": "64",
            "paddingTop": "96",
          },
          "mobile": {
            "paddingBottom": "64",
            "paddingLeft": "16",
            "paddingRight": "16",
            "paddingTop": "64",
          },
        },
        "bgColor": "transparent",
        "bgImage": "",
        "bgMediaType": "none",
        "bgMode": "gradient",
        "bgOpacity": "1",
        "bgPosition": "center center",
        "bgVideoAutoplay": "yes",
        "bgVideoControls": "no",
        "bgVideoFit": "cover",
        "bgVideoLoop": "yes",
        "bgVideoPosition": "center center",
        "bgVideoPoster": "",
        "bgVideoSound": "off",
        "bgVideoUrl": "",
        "contentAlign": "flex-start",
        "gradientDirection": "to bottom",
        "gradientFrom": "#F9F7F5",
        "gradientTo": "#EBE7E2",
        "id": "<uuid>",
        "maxHeight": "auto",
        "minHeight": "auto",
        "section-content": [],
        "sectionId": "careers",
        "textColor": "auto",
      },
      "type": "Section",
    },
  ],
  "root": {
    "props": {
      "title": "About ORA",
    },
  },
  "zones": {
    "<uuid>:column-0": [
      {
        "props": {
          "_border": {
            "desktop": {
              "borderColor": "#E8E4DF",
              "borderRadius": "0",
              "borderWidth": "0",
            },
            "mobile": {
              "borderColor": "#E8E4DF",
              "borderRadius": "0",
              "borderWidth": "0",
            },
          },
          "_margin": {
            "desktop": {
              "marginBottom": "0",
              "marginTop": "0",
            },
            "mobile": {
              "marginBottom": "0",
              "marginTop": "0",
            },
          },
          "_padding": {
            "desktop": {
              "paddingBottom": "0",
              "paddingLeft": "0",
              "paddingRight": "0",
              "paddingTop": "0",
            },
            "mobile": {
              "paddingBottom": "0",
              "paddingLeft": "0",
              "paddingRight": "0",
              "paddingTop": "0",
            },
          },
          "color": "#1A1A1A",
          "fontSize": {
            "desktop": 40,
            "mobile": 28,
          },
          "fontStyle": "normal",
          "fontWeight": "700",
          "id": "<uuid>",
          "letterSpacing": {
            "desktop": "normal",
            "mobile": "normal",
          },
          "level": "h2",
          "lineHeight": {
            "desktop": "auto",
            "mobile": "auto",
          },
          "text": "Join our team",
          "textAlign": "left",
          "textDecoration": "none",
          "textTransform": "none",
        },
        "type": "Heading",
      },
      {
        "props": {
          "_border": {
            "desktop": {
              "borderColor": "#E8E4DF",
              "borderRadius": "0",
              "borderWidth": "0",
            },
            "mobile": {
              "borderColor": "#E8E4DF",
              "borderRadius": "0",
              "borderWidth": "0",
            },
          },
          "_margin": {
            "desktop": {
              "marginBottom": "0",
              "marginTop": "0",
            },
            "mobile": {
              "marginBottom": "0",
              "marginTop": "0",
            },
          },
          "_padding": {
            "desktop": {
              "paddingBottom": "0",
              "paddingLeft": "0",
              "paddingRight": "0",
              "paddingTop": "0",
            },
            "mobile": {
              "paddingBottom": "0",
              "paddingLeft": "0",
              "paddingRight": "0",
              "paddingTop": "0",
            },
          },
          "color": "#4A4A4A",
          "content": "We are always looking for talented individuals who share our commitment to design excellence and community building. Explore opportunities to grow with us.",
          "fontSize": {
            "desktop": 18,
            "mobile": 16,
          },
          "fontStyle": "normal",
          "fontWeight": "400",
          "id": "<uuid>",
          "letterSpacing": {
            "desktop": "normal",
            "mobile": "normal",
          },
          "lineHeight": {
            "desktop": "auto",
            "mobile": "auto",
          },
          "textAlign": "left",
          "textDecoration": "none",
          "textTransform": "none",
        },
        "type": "Text",
      },
    ],
    "<uuid>:column-1": [
      {
        "props": {
          "_animation": {
            "delay": "0",
            "duration": "0.5",
            "entrance": "none",
            "hover": "none",
          },
          "_border": {
            "desktop": {
              "borderColor": "#E8E4DF",
              "borderRadius": "0",
              "borderWidth": "0",
            },
            "mobile": {
              "borderColor": "#E8E4DF",
              "borderRadius": "0",
              "borderWidth": "0",
            },
          },
          "_margin": {
            "desktop": {
              "marginBottom": "0",
              "marginTop": "0",
            },
            "mobile": {
              "marginBottom": "0",
              "marginTop": "0",
            },
          },
          "_padding": {
            "desktop": {
              "paddingBottom": "0",
              "paddingLeft": "0",
              "paddingRight": "0",
              "paddingTop": "0",
            },
            "mobile": {
              "paddingBottom": "0",
              "paddingLeft": "0",
              "paddingRight": "0",
              "paddingTop": "0",
            },
          },
          "alignment": "center",
          "alt": "ORA office and workspace",
          "aspectRatio": {
            "desktop": "4 / 5",
            "mobile": "16 / 9",
          },
          "filter": "none",
          "hoverEffect": "none",
          "id": "<uuid>",
          "imgBorderRadius": "0",
          "imgHeight": {
            "desktop": "auto",
            "mobile": "auto",
          },
          "imgWidth": {
            "desktop": "100%",
            "mobile": "100%",
          },
          "maxWidth": "100%",
          "objectFit": "cover",
          "opacity": "1",
          "shadow": "none",
          "src": "https://images.unsplash.com/photo-1487958449943-2429e8be8625?auto=format&fit=crop&w=1400&q=80",
          "xAlign": "50%",
          "yAlign": "50%",
        },
        "type": "Image",
      },
    ],
    "<uuid>:container-content": [
      {
        "props": {
          "_border": {
            "desktop": {
              "borderColor": "#E8E4DF",
              "borderRadius": "0",
              "borderWidth": "0",
            },
            "mobile": {
              "borderColor": "#E8E4DF",
              "borderRadius": "0",
              "borderWidth": "0",
            },
          },
          "_margin": {
            "desktop": {
              "marginBottom": "0",
              "marginTop": "0",
            },
            "mobile": {
              "marginBottom": "0",
              "marginTop": "0",
            },
          },
          "_padding": {
            "desktop": {
              "paddingBottom": "0",
              "paddingLeft": "0",
              "paddingRight": "0",
              "paddingTop": "0",
            },
            "mobile": {
              "paddingBottom": "0",
              "paddingLeft": "0",
              "paddingRight": "0",
              "paddingTop": "0",
            },
          },
          "column-0": [],
          "column-1": [],
          "column-2": [],
          "column-3": [],
          "column-4": [],
          "column-5": [],
          "columnGap": {
            "desktop": "32px",
            "mobile": "0px",
          },
          "columnList": [
            {
              "align": "flex-start",
              "justify": "stretch",
              "marginY": "0",
              "paddingX": "0",
              "paddingY": "0",
              "width": "1fr",
            },
            {
              "align": "flex-start",
              "justify": "stretch",
              "marginY": "0",
              "paddingX": "0",
              "paddingY": "0",
              "width": "1fr",
            },
          ],
          "gap": "md",
          "id": "<uuid>",
          "rowGap": {
            "desktop": "32px",
            "mobile": "24px",
          },
        },
        "type": "Columns",
      },
    ],
    "<uuid>:section-content": [
      {
        "props": {
          "_border": {
            "desktop": {
              "borderColor": "#E8E4DF",
              "borderRadius": "0",
              "borderWidth": "0",
            },
            "mobile": {
              "borderColor": "#E8E4DF",
              "borderRadius": "0",
              "borderWidth": "0",
            },
          },
          "_margin": {
            "desktop": {
              "marginBottom": "0",
              "marginTop": "0",
            },
            "mobile": {
              "marginBottom": "0",
              "marginTop": "0",
            },
          },
          "_padding": {
            "desktop": {
              "paddingBottom": "0",
              "paddingLeft": "0",
              "paddingRight": "0",
              "paddingTop": "0",
            },
            "mobile": {
              "paddingBottom": "0",
              "paddingLeft": "0",
              "paddingRight": "0",
              "paddingTop": "0",
            },
          },
          "bgColor": "transparent",
          "bgMode": "solid",
          "container-content": [],
          "contentAlign": "center",
          "gradientDirection": "to bottom",
          "gradientFrom": "#F9F7F5",
          "gradientTo": "#EBE7E2",
          "id": "<uuid>",
          "maxWidth": "1200",
          "textColor": "auto",
        },
        "type": "Container",
      },
    ],
  },
}
`;
